=== ACEAPEX Paper 5 reproduction ===
hardware: x86_64 4 cores

libzstd 1.5.7  (reference figures taken with 1.4.8; ratio tolerances are 1% because the literal stream size depends on the zstd version)
--- corpus identity ---
  PASS chr1_md5                   9465e0f0df6e2c6eb39729c39cee5465 (exp 9465e0f0df6e2c6eb39729c39cee5465)

--- build encoder ---
  built: /home/runner/work/hw-apex-bench/hw-apex-bench/.work/audit/reproduce-cli

--- R: encoder claims on chr1 ---
  PASS chr1_baseline_ratio        3.19949 (exp 3.18065)
  PASS norep_ratio                3.18211 (exp 3.16347)
  PASS norep_cost_percent         0.543 (exp 0.540)
  PASS min_match16_ratio          3.24919 (exp 3.22581)

--- R: class matrix, independent 16 KB blocks ---
  skipped-no-dep class_matrix               pip install zstandard

--- R: what is sequential in the parse ---
Traceback (most recent call last):
  File "<stdin>", line 1, in <module>
ModuleNotFoundError: No module named 'numpy'
  FAIL parse_chained_percent       (exp 5.46)
  FAIL parse_run_median            (exp 4)

--- R: GPU claims ---
  skipped-no-gpu wf_build                   no nvcc or no CUDA device
  skipped-no-gpu wavefront_real_ms          no nvcc or no CUDA device
  skipped-no-gpu wavefront_par_ms           no nvcc or no CUDA device

--- R: genomic literal transform and region read ---
  PASS transform_chr1_ratio       3.78034 (exp 3.77696)
  PASS region_16k_byte_exact      match (exp 3 points match)
  PASS transform_archive_bytes    68164598 (exp 68224719)

--- R: genomic coordinate lookup ---
  PASS fasta_index                chr1 248956422 6 50 51 (exp chr1 248956422 6 50 51)
  PASS coord_range_byte_exact     match (exp match)

--- R: FAI compatibility and index binding ---
  skipped-no-tool fai_matches_htslib         needs chr1 and pysam
  skipped-no-tool view_sequence_vs_htslib    needs chr1 and pysam
  skipped-no-tool alien_index_refused        needs chr1 and pysam

--- R: FAI edge cases ---
  skipped-no-tool fai_edge_cases             needs pysam

--- R: low-latency configuration ---
  PASS lowlat_chr1_ratio          3.71154 (exp 3.70807)
  PASS lowlat_region_len          correct (exp 16000 bases at three offsets)
  declared lowlat_region_p50_ms       0.151
  skipped-no-samtools bgzip_region_p50_ms        samtools absent

--- R: batch range API ---
  PASS batch_ranges_exact         30800 ranges match (exp no mismatches)
  declared batch_ranges_rate          26225
  FAIL batch_speedup_over_loop    4.8x (exp >=5x)

--- M / E: declared, not verifiable here ---
  declared seek_50gb_position_invariance original not on disk; FNV has nothing to compare against
  declared min_match_cost_probe       tokens dropped without substituting literals
  declared scan_parser_speedup        parse 2.555 ms scaled by the 93.94 percent share; not verified on GPU
./reproduce_paper5.sh: line 450: профиль       N    H_a | цикл ms батч ms | ускор | цикл/с батч/с
uniform         100   6.64 |        18.7        17.8 |    1.05x |       5337       5625
uniform         600   8.99 |       128.9        44.7 |    2.88x |       4656      13432
uniform        2000  10.66 |       417.7       106.0 |    3.94x |       4789      18877
uniform        5000  11.77 |       911.4       190.7 |    4.78x |       5486      26225

sorted          100   6.58 |        18.4        18.8 |    0.98x |       5437       5325
sorted          600   9.06 |       108.5        43.5 |    2.49x |       5529      13794
sorted         2000  10.76 |       360.5       138.5 |    2.60x |       5548      14444
sorted         5000  12.05 |       866.2       337.9 |    2.56x |       5772      14797

clustered       100   6.51 |        17.4        17.0 |    1.02x |       5763       5889
clustered       600   9.13 |       108.4        39.8 |    2.72x |       5534      15067
clustered      2000  10.64 |       366.4       108.6 |    3.37x |       5459      18421
clustered      5000  11.79 |       907.5       187.7 |    4.84x |       5509      26644

hot-set         100   5.32 |        16.9         8.7 |    1.95x |       5906      11534
hot-set         600   5.93 |       104.5         8.1 |   12.97x |       5742      74453
hot-set        2000   5.81 |       363.2        11.8 |   30.85x |       5507     169913
hot-set        5000   5.82 |       913.4        18.6 |   49.19x |       5474     269252

zipf1.2         100   4.55 |        15.1         7.5 |    2.02x |       6638      13389
zipf1.2         600   5.60 |        89.0        14.4 |    6.19x |       6744      41769
zipf1.2        2000   5.91 |       297.5        29.1 |   10.23x |       6722      68744
zipf1.2        5000   6.29 |       743.5        57.7 |   12.89x |       6725      86675: No such file or directory

=== summary: 13 pass, 3 fail, 14 skipped -> профиль       N    H_a | цикл ms батч ms | ускор | цикл/с батч/с
uniform         100   6.64 |        18.7        17.8 |    1.05x |       5337       5625
uniform         600   8.99 |       128.9        44.7 |    2.88x |       4656      13432
uniform        2000  10.66 |       417.7       106.0 |    3.94x |       4789      18877
uniform        5000  11.77 |       911.4       190.7 |    4.78x |       5486      26225

sorted          100   6.58 |        18.4        18.8 |    0.98x |       5437       5325
sorted          600   9.06 |       108.5        43.5 |    2.49x |       5529      13794
sorted         2000  10.76 |       360.5       138.5 |    2.60x |       5548      14444
sorted         5000  12.05 |       866.2       337.9 |    2.56x |       5772      14797

clustered       100   6.51 |        17.4        17.0 |    1.02x |       5763       5889
clustered       600   9.13 |       108.4        39.8 |    2.72x |       5534      15067
clustered      2000  10.64 |       366.4       108.6 |    3.37x |       5459      18421
clustered      5000  11.79 |       907.5       187.7 |    4.84x |       5509      26644

hot-set         100   5.32 |        16.9         8.7 |    1.95x |       5906      11534
hot-set         600   5.93 |       104.5         8.1 |   12.97x |       5742      74453
hot-set        2000   5.81 |       363.2        11.8 |   30.85x |       5507     169913
hot-set        5000   5.82 |       913.4        18.6 |   49.19x |       5474     269252

zipf1.2         100   4.55 |        15.1         7.5 |    2.02x |       6638      13389
zipf1.2         600   5.60 |        89.0        14.4 |    6.19x |       6744      41769
zipf1.2        2000   5.91 |       297.5        29.1 |   10.23x |       6722      68744
zipf1.2        5000   6.29 |       743.5        57.7 |   12.89x |       6725      86675 ===
