# colab t4, 2026-09-29, aceapex main 907a470, scripts/colab_gpu_open.sh (excerpt of the log pasted from Colab; per-pass FNV lines omitted)
== provenance 2026-09-29
gpu Tesla T4 | cc 7.5 | driver 580.82.07
clocks max sm/mem 1590 MHz, 5001 MHz | memory 15360 MiB | power limit 70.00 W
host Intel(R) Xeon(R) CPU @ 2.00GHz, 2 threads, RAM 12 GB, drive 1
Build cuda_12.8.r12.8/compiler.35583870_0
g++ (Ubuntu 13.3.0-6ubuntu2~24.04.1) 13.3.0
commit 907a470
libzstd 1.5.5
nvcomp Version: 5.3.0.16
built aceapex_gpu sm_75
head_rans_warp_emu	pass	GPU rANS warp steps (ax_rans_warp.h) == axr_decode: 85 round-trips, 12 archive chunks, 245 crafted tables, 3496 mutations (127 accepted, 3626 rejected by both), 2457904 bytes, 0 mismatches
head_open_warp_emu	pass	GPU open-pack steps (ax_open_warp.h, block rounds of 256) == axo_dna_decode: 40 round-trips, 38 archive chunks, 437 crafted streams, 2628 mutations (986 accepted, 2157 rejected by both), 22351557 bytes, 0 mismatches
fixture dna_open_2MiB on the GPU: exit 0, 3 MATCHES OK, 0 DIFFERS
fixture dna_open_mixed_300K on the GPU: exit 0, 3 MATCHES OK, 0 DIFFERS
fixture dna_open_4097B on the GPU: exit 0, 3 MATCHES OK, 0 DIFFERS
fixture dna_openlit_300K on the GPU: exit 0, 3 MATCHES OK, 0 DIFFERS
fixture text_open_200K on the GPU: exit 0, 3 MATCHES OK, 0 DIFFERS
chr1.fa: md5 9465e0f0df6e2c6eb39729c39cee5465 OK
t2t.fa: not on Drive (/content/drive/MyDrive/aceapex_corpus/t2t.fa or t2t.fa.gz) - skipped
chr1.zstd (FSE_CHUNK=4096): archive 69410925 B (== pinned), encoded, CPU round-trip bit-perfect
chr1.rans (AX_TOK=rans): archive 69106957 B (== pinned), encoded, CPU round-trip bit-perfect
chr1.open (AX_PROFILE=open): archive 67975888 B (== pinned), encoded, CPU round-trip bit-perfect
== aceapex_gpu chr1.zstd
[sequential] H2D 5.545 + tok(zstd: 4069 frames, 0 chunks) 2.767 + lit(zstd: 11748 frames, 0 pieces) 11.941 + unpack 4.188 + match(G=32) 10.617 = 35.057 ms -> 7.2 GB/s delivered; on-device 29.512 ms -> 8.6 GB/s
[pipeline] 4 batches, H2D overlapped with zstd: 34.548 ms -> 7.4 GB/s delivered (sequential 35.057 ms, gain 1.5%)
RESULT OK: Tesla T4, 40 SMs, G=32, bit-perfect on all passes
== aceapex_gpu chr1.rans
[sequential] H2D 5.519 + tok(rANS: 0 frames, 255 chunks) 1.181 + lit(zstd: 11748 frames, 0 pieces) 12.031 + unpack 4.176 + match(G=32) 10.632 = 33.539 ms -> 7.6 GB/s delivered; on-device 28.020 ms -> 9.1 GB/s
[pipeline] 4 batches, H2D overlapped with zstd: 34.892 ms -> 7.3 GB/s delivered (sequential 33.539 ms, gain -4.0%)
RESULT OK: Tesla T4, 40 SMs, G=32, bit-perfect on all passes
== aceapex_gpu chr1.open
frames: 0 bad of 0
probe G=8: 2.947 ms on 2048 blocks
probe G=16: 2.144 ms on 2048 blocks
probe G=32: 1.685 ms on 2048 blocks
[sequential] H2D 5.428 + tok(rANS: 0 frames, 255 chunks) 1.080 + lit(open: 0 frames, 11748 pieces) 4.370 + unpack 4.707 + match(G=32) 10.355 = 25.940 ms -> 9.8 GB/s delivered; on-device 20.512 ms -> 12.4 GB/s
[lit parts] zstd frames 0.002 | open pieces: seq 2.095, cse 0.695, gap 0.624, val 0.596, plain 0.665 ms
[unpack parts] zstd DNA pack 0.002 | open: bases 2.776, case runs 0.245, exceptions 1.715 ms
[pipeline] 4 batches, H2D overlapped with zstd: 26.030 ms -> 9.8 GB/s delivered (sequential 25.940 ms, gain -0.3%)
RESULT OK: Tesla T4, 40 SMs, G=32, bit-perfect on all passes

chr1 on Tesla T4, ms, median of 7
archive        bytes     tokens  literals  tok    lit     unpack  match   on-device  +H2D    GB/s   check
chr1.zstd.aet  69410925  zstd    zstd      2.767  11.941  4.188   10.617  29.512     35.057  8.60   bit-perfect
chr1.rans.aet  69106957  rANS    zstd      1.181  12.031  4.176   10.632  28.020     33.539  9.06   bit-perfect
chr1.open.aet  67975888  rANS    open      1.080  4.370   4.707   10.355  20.512     25.940  12.38  bit-perfect
parts, ms: lit = zstd frames + pieces by class; unpack = zstd-pack kernels + open kernels
archive        lit.zstd  seq    cse    gap    val    plain  un.zstdpack  bases  case   exceptions
chr1.zstd.aet  11.611    0.002  0.002  0.002  0.002  0.002  4.247        0.002  0.002  0.002
chr1.rans.aet  11.749    0.002  0.002  0.002  0.002  0.002  4.270        0.002  0.002  0.002
chr1.open.aet  0.002     2.095  0.695  0.624  0.596  0.665  0.002        2.776  0.245  1.715
TSV	t4	chr1.zstd.aet	69410925	zstd	zstd	2.767	11.941	4.188	10.617	29.512	35.057	8.60	bit-perfect	11.611	0.002	0.002	0.002	0.002	0.002	4.247	0.002	0.002	0.002
TSV	t4	chr1.rans.aet	69106957	rANS	zstd	1.181	12.031	4.176	10.632	28.020	33.539	9.06	bit-perfect	11.749	0.002	0.002	0.002	0.002	0.002	4.270	0.002	0.002	0.002
TSV	t4	chr1.open.aet	67975888	rANS	open	1.080	4.370	4.707	10.355	20.512	25.940	12.38	bit-perfect	0.002	2.095	0.695	0.624	0.596	0.665	0.002	2.776	0.245	1.715
archives on the GPU: bit-perfect 3 of 3 (exit 0: 3); emulators 2/2, fixtures 5/5
RESULT: all passes bit-perfect on Tesla T4
