# colab l4, 2026-09-29, aceapex main 6c25962, scripts/colab_gpu_open.sh (excerpt of the log pasted from Colab; per-pass FNV lines omitted)
== provenance 2026-09-29
gpu NVIDIA L4 | cc 8.9 | driver 580.82.07
clocks max sm/mem 2040 MHz, 6251 MHz | memory 23034 MiB | power limit 72.00 W
host Intel(R) Xeon(R) CPU @ 2.20GHz, 12 threads, RAM 52 GB, drive 1
Build cuda_12.8.r12.8/compiler.35583870_0
g++ (Ubuntu 13.3.0-6ubuntu2~24.04.1) 13.3.0
commit 6c25962
libzstd 1.5.5
nvcomp Version: 5.3.0.16
built aceapex_gpu sm_89
head_rans_warp_emu	pass	GPU rANS warp steps (ax_rans_warp.h) == axr_decode: 85 round-trips, 12 archive chunks, 245 crafted tables, 3496 mutations (127 accepted, 3626 rejected by both), 2457904 bytes, 0 mismatches
head_open_warp_emu	pass	GPU open-pack steps (ax_open_warp.h, block rounds of 256) == axo_dna_decode: 40 round-trips, 38 archive chunks, 437 crafted streams, 2628 mutations (986 accepted, 2157 rejected by both), 22351557 bytes, 0 mismatches
fixture dna_open_2MiB on the GPU: exit 0, 3 MATCHES OK, 0 DIFFERS
fixture dna_open_mixed_300K on the GPU: exit 0, 3 MATCHES OK, 0 DIFFERS
fixture dna_open_4097B on the GPU: exit 0, 3 MATCHES OK, 0 DIFFERS
fixture dna_openlit_300K on the GPU: exit 0, 3 MATCHES OK, 0 DIFFERS
fixture text_open_200K on the GPU: exit 0, 3 MATCHES OK, 0 DIFFERS
chr1.fa: downloaded
chr1.fa: md5 9465e0f0df6e2c6eb39729c39cee5465 OK
t2t.fa: not on Drive (/content/drive/MyDrive/aceapex_corpus/t2t.fa or t2t.fa.gz) - skipped
chr1.zstd (FSE_CHUNK=4096): archive 69410925 B (== pinned), encoded, CPU round-trip bit-perfect
chr1.rans (AX_TOK=rans): archive 69106957 B (== pinned), encoded, CPU round-trip bit-perfect
chr1.open (AX_PROFILE=open): archive 67975888 B (== pinned), encoded, CPU round-trip bit-perfect
== aceapex_gpu chr1.zstd
probe G=8: 1.905 ms on 2048 blocks
probe G=16: 1.137 ms on 2048 blocks
probe G=32: 0.863 ms on 2048 blocks
chosen G=32 on NVIDIA L4 (58 SMs)
[sequential] H2D 5.541 + tok(zstd: 4069 frames, 0 chunks) 0.976 + lit(zstd: 11748 frames, 0 pieces) 4.965 + unpack 2.561 + match(G=32) 4.802 = 18.845 ms -> 13.5 GB/s delivered; on-device 13.304 ms -> 19.1 GB/s
[pipeline] 4 batches, H2D overlapped with zstd: 16.881 ms -> 15.0 GB/s delivered (sequential 18.845 ms, gain 10.4%)
RESULT OK: NVIDIA L4, 58 SMs, G=32, bit-perfect on all passes
== aceapex_gpu chr1.rans
[sequential] H2D 5.516 + tok(rANS: 0 frames, 255 chunks) 0.954 + lit(zstd: 11748 frames, 0 pieces) 4.954 + unpack 2.555 + match(G=32) 4.690 = 18.669 ms -> 13.6 GB/s delivered; on-device 13.153 ms -> 19.3 GB/s
[pipeline] 4 batches, H2D overlapped with zstd: 17.750 ms -> 14.3 GB/s delivered (sequential 18.669 ms, gain 4.9%)
RESULT OK: NVIDIA L4, 58 SMs, G=32, bit-perfect on all passes
== aceapex_gpu chr1.open
frames: 0 bad of 0
[sequential] H2D 5.432 + tok(rANS: 0 frames, 255 chunks) 0.928 + lit(open: 0 frames, 11748 pieces) 1.918 + unpack 2.655 + match(G=32) 4.640 = 15.573 ms -> 16.3 GB/s delivered; on-device 10.141 ms -> 25.0 GB/s
[lit parts] zstd frames 0.002 | open pieces: seq 1.107, cse 0.225, gap 0.195, val 0.165, plain 0.575 ms
[unpack parts] zstd DNA pack 0.002 | open: bases 1.156, case runs 0.101, exceptions 1.406 ms
[pipeline] 4 batches, H2D overlapped with zstd: 14.925 ms -> 17.0 GB/s delivered (sequential 15.573 ms, gain 4.2%)
RESULT OK: NVIDIA L4, 58 SMs, G=32, bit-perfect on all passes

chr1 on NVIDIA L4, ms, median of 7
archive        bytes     tokens  literals  tok    lit    unpack  match  on-device  +H2D    GB/s   check
chr1.zstd.aet  69410925  zstd    zstd      0.976  4.965  2.561   4.802  13.304     18.845  19.09  bit-perfect
chr1.rans.aet  69106957  rANS    zstd      0.954  4.954  2.555   4.690  13.153     18.669  19.31  bit-perfect
chr1.open.aet  67975888  rANS    open      0.928  1.918  2.655   4.640  10.141     15.573  25.04  bit-perfect
parts, ms: lit = zstd frames + pieces by class; unpack = zstd-pack kernels + open kernels
archive        lit.zstd  seq    cse    gap    val    plain  un.zstdpack  bases  case   exceptions
chr1.zstd.aet  4.964     0.002  0.002  0.002  0.002  0.002  2.561        0.002  0.002  0.002
chr1.rans.aet  4.970     0.002  0.002  0.002  0.002  0.002  2.550        0.002  0.002  0.002
chr1.open.aet  0.002     1.107  0.225  0.195  0.165  0.575  0.002        1.156  0.101  1.406
TSV	l4	chr1.zstd.aet	69410925	zstd	zstd	0.976	4.965	2.561	4.802	13.304	18.845	19.09	bit-perfect	4.964	0.002	0.002	0.002	0.002	0.002	2.561	0.002	0.002	0.002
TSV	l4	chr1.rans.aet	69106957	rANS	zstd	0.954	4.954	2.555	4.690	13.153	18.669	19.31	bit-perfect	4.970	0.002	0.002	0.002	0.002	0.002	2.550	0.002	0.002	0.002
TSV	l4	chr1.open.aet	67975888	rANS	open	0.928	1.918	2.655	4.640	10.141	15.573	25.04	bit-perfect	0.002	1.107	0.225	0.195	0.165	0.575	0.002	1.156	0.101	1.406
archives on the GPU: bit-perfect 3 of 3 (exit 0: 3); emulators 2/2, fixtures 5/5
RESULT: all passes bit-perfect on NVIDIA L4
