# colab rtx-pro-6000-blackwell-server-edition (G4), 2026-09-29, aceapex main 907a470, scripts/colab_gpu_open.sh (excerpt of the log pasted from Colab; per-pass FNV lines omitted)
== provenance 2026-09-29
gpu NVIDIA RTX PRO 6000 Blackwell Server Edition | cc 12.0 | driver 580.82.07
clocks max sm/mem 2430 MHz, 12481 MHz | memory 97887 MiB | power limit 600.00 W
host AMD EPYC 9B45, 48 threads, RAM 176 GB, drive 1
Build cuda_12.8.r12.8/compiler.35583870_0
g++ (Ubuntu 13.3.0-6ubuntu2~24.04.1) 13.3.0
commit 907a470
libzstd 1.5.5
nvcomp Version: 5.3.0.16
built aceapex_gpu sm_120
head_rans_warp_emu	pass	GPU rANS warp steps (ax_rans_warp.h) == axr_decode: 85 round-trips, 12 archive chunks, 245 crafted tables, 3496 mutations (127 accepted, 3626 rejected by both), 2457904 bytes, 0 mismatches
head_open_warp_emu	pass	GPU open-pack steps (ax_open_warp.h, block rounds of 256) == axo_dna_decode: 40 round-trips, 38 archive chunks, 437 crafted streams, 2628 mutations (986 accepted, 2157 rejected by both), 22351557 bytes, 0 mismatches
fixture dna_open_2MiB on the GPU: exit 0, 3 MATCHES OK, 0 DIFFERS
fixture dna_open_mixed_300K on the GPU: exit 0, 3 MATCHES OK, 0 DIFFERS
fixture dna_open_4097B on the GPU: exit 0, 3 MATCHES OK, 0 DIFFERS
fixture dna_openlit_300K on the GPU: exit 0, 3 MATCHES OK, 0 DIFFERS
fixture text_open_200K on the GPU: exit 0, 3 MATCHES OK, 0 DIFFERS
chr1.fa: downloaded
chr1.fa: md5 9465e0f0df6e2c6eb39729c39cee5465 OK
t2t.fa: not on Drive (/content/drive/MyDrive/aceapex_corpus/t2t.fa or t2t.fa.gz) - skipped
chr1.zstd (FSE_CHUNK=4096): archive 69410925 B (== pinned), encoded, CPU round-trip bit-perfect
chr1.rans (AX_TOK=rans): archive 69106957 B (== pinned), encoded, CPU round-trip bit-perfect
chr1.open (AX_PROFILE=open): archive 67975888 B (== pinned), encoded, CPU round-trip bit-perfect
== aceapex_gpu chr1.zstd
probe G=8: 1.570 ms on 2048 blocks
probe G=16: 0.909 ms on 2048 blocks
probe G=32: 0.551 ms on 2048 blocks
chosen G=32 on NVIDIA RTX PRO 6000 Blackwell Server Edition (188 SMs)
[sequential] H2D 1.205 + tok(zstd: 4069 frames, 0 chunks) 0.485 + lit(zstd: 11748 frames, 0 pieces) 2.960 + unpack 0.464 + match(G=32) 1.308 = 6.421 ms -> 39.5 GB/s delivered; on-device 5.216 ms -> 48.7 GB/s
[pipeline] 4 batches, H2D overlapped with zstd: 7.660 ms -> 33.1 GB/s delivered (sequential 6.421 ms, gain -19.3%)
RESULT OK: NVIDIA RTX PRO 6000 Blackwell Server Edition, 188 SMs, G=32, bit-perfect on all passes
== aceapex_gpu chr1.rans
[sequential] H2D 1.199 + tok(rANS: 0 frames, 255 chunks) 0.955 + lit(zstd: 11748 frames, 0 pieces) 3.028 + unpack 0.466 + match(G=32) 1.298 = 6.946 ms -> 36.6 GB/s delivered; on-device 5.747 ms -> 44.2 GB/s
[pipeline] 4 batches, H2D overlapped with zstd: 9.293 ms -> 27.3 GB/s delivered (sequential 6.946 ms, gain -33.8%)
RESULT OK: NVIDIA RTX PRO 6000 Blackwell Server Edition, 188 SMs, G=32, bit-perfect on all passes
== aceapex_gpu chr1.open
frames: 0 bad of 0
[sequential] H2D 1.178 + tok(rANS: 0 frames, 255 chunks) 0.948 + lit(open: 0 frames, 11748 pieces) 0.968 + unpack 0.508 + match(G=32) 1.294 = 4.897 ms -> 51.9 GB/s delivered; on-device 3.719 ms -> 68.3 GB/s
[lit parts] zstd frames 0.000 | open pieces: seq 0.310, cse 0.088, gap 0.068, val 0.049, plain 0.602 ms
[unpack parts] zstd DNA pack 0.000 | open: bases 0.260, case runs 0.033, exceptions 0.217 ms
[pipeline] 4 batches, H2D overlapped with zstd: 3.974 ms -> 63.9 GB/s delivered (sequential 4.897 ms, gain 18.9%)
RESULT OK: NVIDIA RTX PRO 6000 Blackwell Server Edition, 188 SMs, G=32, bit-perfect on all passes

chr1 on NVIDIA RTX PRO 6000 Blackwell Server Edition, ms, median of 7
archive        bytes     tokens  literals  tok    lit    unpack  match  on-device  +H2D   GB/s   check
chr1.zstd.aet  69410925  zstd    zstd      0.485  2.960  0.464   1.308  5.216      6.421  48.68  bit-perfect
chr1.rans.aet  69106957  rANS    zstd      0.955  3.028  0.466   1.298  5.747      6.946  44.19  bit-perfect
chr1.open.aet  67975888  rANS    open      0.948  0.968  0.508   1.294  3.719      4.897  68.29  bit-perfect
parts, ms: lit = zstd frames + pieces by class; unpack = zstd-pack kernels + open kernels
archive        lit.zstd  seq    cse    gap    val    plain  un.zstdpack  bases  case   exceptions
chr1.zstd.aet  3.007     0.000  0.000  0.000  0.000  0.000  0.465        0.000  0.000  0.000
chr1.rans.aet  2.987     0.000  0.000  0.000  0.000  0.000  0.466        0.000  0.000  0.000
chr1.open.aet  0.000     0.310  0.088  0.068  0.049  0.602  0.000        0.260  0.033  0.217
TSV	rtx-pro-6000-blackwell-server-edition	chr1.zstd.aet	69410925	zstd	zstd	0.485	2.960	0.464	1.308	5.216	6.421	48.68	bit-perfect	3.007	0.000	0.000	0.000	0.000	0.000	0.465	0.000	0.000	0.000
TSV	rtx-pro-6000-blackwell-server-edition	chr1.rans.aet	69106957	rANS	zstd	0.955	3.028	0.466	1.298	5.747	6.946	44.19	bit-perfect	2.987	0.000	0.000	0.000	0.000	0.000	0.466	0.000	0.000	0.000
TSV	rtx-pro-6000-blackwell-server-edition	chr1.open.aet	67975888	rANS	open	0.948	0.968	0.508	1.294	3.719	4.897	68.29	bit-perfect	0.000	0.310	0.088	0.068	0.049	0.602	0.000	0.260	0.033	0.217
archives on the GPU: bit-perfect 3 of 3 (exit 0: 3); emulators 2/2, fixtures 5/5
RESULT: all passes bit-perfect on NVIDIA RTX PRO 6000 Blackwell Server Edition
