# colab a100-sxm4-40gb, 2026-09-29, aceapex main 907a470, scripts/colab_gpu_open.sh (excerpt of the log pasted from Colab; per-pass FNV lines omitted)
== provenance 2026-09-29
gpu NVIDIA A100-SXM4-40GB | cc 8.0 | driver 580.82.07
clocks max sm/mem 1410 MHz, 1215 MHz | memory 40960 MiB | power limit 400.00 W
host Intel(R) Xeon(R) CPU @ 2.20GHz, 12 threads, RAM 83 GB, drive 1
Build cuda_12.8.r12.8/compiler.35583870_0
g++ (Ubuntu 13.3.0-6ubuntu2~24.04.1) 13.3.0
commit 907a470
libzstd 1.5.5
nvcomp Version: 5.3.0.16
built aceapex_gpu sm_80
head_rans_warp_emu	pass	GPU rANS warp steps (ax_rans_warp.h) == axr_decode: 85 round-trips, 12 archive chunks, 245 crafted tables, 3496 mutations (127 accepted, 3626 rejected by both), 2457904 bytes, 0 mismatches
head_open_warp_emu	pass	GPU open-pack steps (ax_open_warp.h, block rounds of 256) == axo_dna_decode: 40 round-trips, 38 archive chunks, 437 crafted streams, 2628 mutations (986 accepted, 2157 rejected by both), 22351557 bytes, 0 mismatches
fixture dna_open_2MiB on the GPU: exit 0, 3 MATCHES OK, 0 DIFFERS
fixture dna_open_mixed_300K on the GPU: exit 0, 3 MATCHES OK, 0 DIFFERS
fixture dna_open_4097B on the GPU: exit 0, 3 MATCHES OK, 0 DIFFERS
fixture dna_openlit_300K on the GPU: exit 0, 3 MATCHES OK, 0 DIFFERS
fixture text_open_200K on the GPU: exit 0, 3 MATCHES OK, 0 DIFFERS
chr1.fa: downloaded
chr1.fa: md5 9465e0f0df6e2c6eb39729c39cee5465 OK
t2t.fa: not on Drive (/content/drive/MyDrive/aceapex_corpus/t2t.fa or t2t.fa.gz) - skipped
chr1.zstd (FSE_CHUNK=4096): archive 69410925 B (== pinned), encoded, CPU round-trip bit-perfect
chr1.rans (AX_TOK=rans): archive 69106957 B (== pinned), encoded, CPU round-trip bit-perfect
chr1.open (AX_PROFILE=open): archive 67975888 B (== pinned), encoded, CPU round-trip bit-perfect
== aceapex_gpu chr1.zstd
probe G=8: 2.615 ms on 2048 blocks
probe G=16: 1.509 ms on 2048 blocks
probe G=32: 0.968 ms on 2048 blocks
chosen G=32 on NVIDIA A100-SXM4-40GB (108 SMs)
[sequential] H2D 5.538 + tok(zstd: 4069 frames, 0 chunks) 0.879 + lit(zstd: 11748 frames, 0 pieces) 5.399 + unpack 0.750 + match(G=32) 2.843 = 15.408 ms -> 16.5 GB/s delivered; on-device 9.870 ms -> 25.7 GB/s
[pipeline] 4 batches, H2D overlapped with zstd: 14.549 ms -> 17.5 GB/s delivered (sequential 15.408 ms, gain 5.6%)
RESULT OK: NVIDIA A100-SXM4-40GB, 108 SMs, G=32, bit-perfect on all passes
== aceapex_gpu chr1.rans
[sequential] H2D 5.518 + tok(rANS: 0 frames, 255 chunks) 0.980 + lit(zstd: 11748 frames, 0 pieces) 5.499 + unpack 0.752 + match(G=32) 2.841 = 15.589 ms -> 16.3 GB/s delivered; on-device 10.071 ms -> 25.2 GB/s
[pipeline] 4 batches, H2D overlapped with zstd: 15.853 ms -> 16.0 GB/s delivered (sequential 15.589 ms, gain -1.7%)
RESULT OK: NVIDIA A100-SXM4-40GB, 108 SMs, G=32, bit-perfect on all passes
== aceapex_gpu chr1.open
frames: 0 bad of 0
[sequential] H2D 5.420 + tok(rANS: 0 frames, 255 chunks) 1.103 + lit(open: 0 frames, 11748 pieces) 1.377 + unpack 0.858 + match(G=32) 2.831 = 11.590 ms -> 21.9 GB/s delivered; on-device 6.170 ms -> 41.2 GB/s
[lit parts] zstd frames 0.003 | open pieces: seq 0.483, cse 0.153, gap 0.136, val 0.113, plain 0.693 ms
[unpack parts] zstd DNA pack 0.003 | open: bases 0.566, case runs 0.070, exceptions 0.229 ms
[pipeline] 4 batches, H2D overlapped with zstd: 10.572 ms -> 24.0 GB/s delivered (sequential 11.590 ms, gain 8.8%)
RESULT OK: NVIDIA A100-SXM4-40GB, 108 SMs, G=32, bit-perfect on all passes

chr1 on NVIDIA A100-SXM4-40GB, ms, median of 7
archive        bytes     tokens  literals  tok    lit    unpack  match  on-device  +H2D    GB/s   check
chr1.zstd.aet  69410925  zstd    zstd      0.879  5.399  0.750   2.843  9.870      15.408  25.73  bit-perfect
chr1.rans.aet  69106957  rANS    zstd      0.980  5.499  0.752   2.841  10.071     15.589  25.22  bit-perfect
chr1.open.aet  67975888  rANS    open      1.103  1.377  0.858   2.831  6.170      11.590  41.15  bit-perfect
parts, ms: lit = zstd frames + pieces by class; unpack = zstd-pack kernels + open kernels
archive        lit.zstd  seq    cse    gap    val    plain  un.zstdpack  bases  case   exceptions
chr1.zstd.aet  5.429     0.003  0.003  0.003  0.003  0.003  0.749        0.003  0.003  0.003
chr1.rans.aet  5.442     0.003  0.003  0.003  0.003  0.003  0.749        0.003  0.003  0.003
chr1.open.aet  0.003     0.483  0.153  0.136  0.113  0.693  0.003        0.566  0.070  0.229
TSV	a100-sxm4-40gb	chr1.zstd.aet	69410925	zstd	zstd	0.879	5.399	0.750	2.843	9.870	15.408	25.73	bit-perfect	5.429	0.003	0.003	0.003	0.003	0.003	0.749	0.003	0.003	0.003
TSV	a100-sxm4-40gb	chr1.rans.aet	69106957	rANS	zstd	0.980	5.499	0.752	2.841	10.071	15.589	25.22	bit-perfect	5.442	0.003	0.003	0.003	0.003	0.003	0.749	0.003	0.003	0.003
TSV	a100-sxm4-40gb	chr1.open.aet	67975888	rANS	open	1.103	1.377	0.858	2.831	6.170	11.590	41.15	bit-perfect	0.003	0.483	0.153	0.136	0.113	0.693	0.003	0.566	0.070	0.229
archives on the GPU: bit-perfect 3 of 3 (exit 0: 3); emulators 2/2, fixtures 5/5
RESULT: all passes bit-perfect on NVIDIA A100-SXM4-40GB
